

================================================================
== Synthesis Summary Report of 'half_adder'
================================================================
+ General Information: 
    * Date:           Thu Jan 19 17:31:42 2023
    * Version:        2022.2 (Build 3670227 on Oct 13 2022)
    * Project:        half_adder
    * Solution:       solution1 (Vivado IP Flow Target)
    * Product family: zynquplus
    * Target device:  xczu7ev-ffvf1517-3-e
    

+ Performance & Resource Estimates: 
    
    PS: '+' for module; 'o' for loop; '*' for dataflow
    +--------------+------+------+---------+--------+----------+---------+------+----------+------+----+---+----------+-----+
    |    Modules   | Issue|      | Latency | Latency| Iteration|         | Trip |          |      |    |   |          |     |
    |    & Loops   | Type | Slack| (cycles)|  (ns)  |  Latency | Interval| Count| Pipelined| BRAM | DSP| FF|    LUT   | URAM|
    +--------------+------+------+---------+--------+----------+---------+------+----------+------+----+---+----------+-----+
    |+ half_adder  |     -|  6.98|        0|   0.000|         -|        1|     -|        no|     -|   -|  -|  64 (~0%)|    -|
    +--------------+------+------+---------+--------+----------+---------+------+----------+------+----+---+----------+-----+


================================================================
== HW Interfaces
================================================================
* Other Ports
+-----------+---------+----------+
| Interface | Mode    | Bitwidth |
+-----------+---------+----------+
| a         | ap_none | 32       |
| b         | ap_none | 32       |
| carry     | ap_vld  | 32       |
| sum       | ap_vld  | 32       |
+-----------+---------+----------+

* TOP LEVEL CONTROL
+-----------+------------+-----------------------------------+
| Interface | Type       | Ports                             |
+-----------+------------+-----------------------------------+
| ap_ctrl   | ap_ctrl_hs | ap_done ap_idle ap_ready ap_start |
+-----------+------------+-----------------------------------+


================================================================
== SW I/O Information
================================================================
* Top Function Arguments
+----------+-----------+----------+
| Argument | Direction | Datatype |
+----------+-----------+----------+
| a        | in        | int      |
| b        | in        | int      |
| sum      | out       | int*     |
| carry    | out       | int*     |
+----------+-----------+----------+

* SW-to-HW Mapping
+----------+--------------+---------+
| Argument | HW Interface | HW Type |
+----------+--------------+---------+
| a        | a            | port    |
| b        | b            | port    |
| sum      | sum          | port    |
| sum      | sum_ap_vld   | port    |
| carry    | carry        | port    |
| carry    | carry_ap_vld | port    |
+----------+--------------+---------+


================================================================
== Bind Op Report
================================================================
  No bind op info in design

================================================================
== Bind Storage Report
================================================================
  No bind storage info in design

================================================================
== Pragma Report
================================================================
  No pragmas found

